[arthurkersting.prosite.com/index.html]
[backblue.gif]
[fade.gif]
[index.html]
[arthurkersting.prosite.com/131668/gallery.html]
[arthurkersting.prosite.com/131669/contact.html]
[arthurkersting.prosite.com/132478/about.html]
[arthurkersting.prosite.com/131668/1587229/gallery/kd-o-meu-kit-kat.html]
[arthurkersting.prosite.com/131668/1308583/gallery/awesome-visual-identity.html]
[arthurkersting.prosite.com/131668/1500944/gallery/simulador-ford-focus-quality-3d.html]
[arthurkersting.prosite.com/131668/1371497/gallery/sao-paulo-focus-group-visual-identity.html]
[arthurkersting.prosite.com/131668/1359457/gallery/webdesign-2005-2013.html]
[arthurkersting.prosite.com/131668/1358602/gallery/test-drive-renault-fluence-ipad-game.html]
[arthurkersting.prosite.com/131668/1347553/gallery/montevrgine-website.html]
[arthurkersting.prosite.com/131668/1965635/gallery/promo.html]
[arthurkersting.prosite.com/131668/1358544/gallery/diario-de-viagens-ford-fusion-multitouch-interface.html]
[arthurkersting.prosite.com/131668/1358493/gallery/guerra-dos-arvs-ipad-game.html]
[arthurkersting.prosite.com/index.html]
[arthurkersting.prosite.com/131668/gallery.html]
[arthurkersting.prosite.com/131669/contact.html]
[arthurkersting.prosite.com/132478/about.html]
[arthurkersting.prosite.com/131668/1587229/gallery/kd-o-meu-kit-kat.html]
[arthurkersting.prosite.com/131668/1308583/gallery/awesome-visual-identity.html]
[arthurkersting.prosite.com/131668/1500944/gallery/simulador-ford-focus-quality-3d.html]
[arthurkersting.prosite.com/131668/1371497/gallery/sao-paulo-focus-group-visual-identity.html]
[arthurkersting.prosite.com/131668/1359457/gallery/webdesign-2005-2013.html]
[arthurkersting.prosite.com/131668/1358602/gallery/test-drive-renault-fluence-ipad-game.html]
[arthurkersting.prosite.com/131668/1347553/gallery/montevrgine-website.html]
[arthurkersting.prosite.com/131668/1965635/gallery/promo.html]
[arthurkersting.prosite.com/131668/1358544/gallery/diario-de-viagens-ford-fusion-multitouch-interface.html]
[arthurkersting.prosite.com/131668/1358493/gallery/guerra-dos-arvs-ipad-game.html]
[arthurkersting.prosite.com/131668/1308585/gallery/mochaccino-cafe.html]
[arthurkersting.prosite.com/131668/1308585/gallery/mochaccino-cafe.html]
[arthurkersting.prosite.com/131668/1308584/gallery/logo-design-20072013.html]
[arthurkersting.prosite.com/131668/1308584/gallery/logo-design-20072013.html]
[arthurkersting.prosite.com/131668/1308582/gallery/bruna-marques-visual-identity.html]
[arthurkersting.prosite.com/131668/1308582/gallery/bruna-marques-visual-identity.html]
